
> lawchronicle-frontend@1.0.0 build
> react-scripts build

Creating an optimized production build...
Compiled with warnings.

[eslint] 
src\App.tsx
  Line 12:10:  'FallbackComponent' is defined but never used  @typescript-eslint/no-unused-vars

src\components\Layout.tsx
  Line 12:3:  'ChevronLeft' is defined but never used   @typescript-eslint/no-unused-vars
  Line 13:3:  'ChevronRight' is defined but never used  @typescript-eslint/no-unused-vars

src\components\phase1\ConnectionStatus.tsx
  Line 2:20:  'Database' is defined but never used                                                                            @typescript-eslint/no-unused-vars
  Line 50:6:  React Hook useEffect has a missing dependency: 'checkHealth'. Either include it or remove the dependency array  react-hooks/exhaustive-deps

src\components\phase1\FieldStatistics.tsx
  Line 69:9:  'getCoverageColor' is assigned a value but never used  @typescript-eslint/no-unused-vars

src\components\phase1\SampleDataViewer.tsx
  Line 71:6:  React Hook useEffect has missing dependencies: 'fetchSampleData' and 'pageSize'. Either include them or remove the dependency array  react-hooks/exhaustive-deps

src\components\phase2\ResultsPreview.tsx
  Line 5:38:   'ArrowUpDown' is defined but never used               @typescript-eslint/no-unused-vars
  Line 42:24:  'setItemsPerPage' is assigned a value but never used  @typescript-eslint/no-unused-vars
  Line 43:10:  'totalItems' is assigned a value but never used       @typescript-eslint/no-unused-vars
  Line 44:10:  'totalPages' is assigned a value but never used       @typescript-eslint/no-unused-vars

src\components\phase2\StatuteNameNormalizer.tsx
  Line 2:83:   'Eye' is defined but never used                        @typescript-eslint/no-unused-vars
  Line 2:115:  'BookOpen' is defined but never used                   @typescript-eslint/no-unused-vars
  Line 29:10:  'batchEditMode' is assigned a value but never used     @typescript-eslint/no-unused-vars
  Line 29:25:  'setBatchEditMode' is assigned a value but never used  @typescript-eslint/no-unused-vars

src\pages\Dashboard.tsx
  Line 13:3:   'AlertCircle' is defined but never used     @typescript-eslint/no-unused-vars
  Line 23:3:   'completePhase' is defined but never used   @typescript-eslint/no-unused-vars
  Line 24:17:  'startPhaseUtil' is defined but never used  @typescript-eslint/no-unused-vars

src\pages\Phase1.tsx
  Line 1:27:  'useEffect' is defined but never used  @typescript-eslint/no-unused-vars

src\pages\Phase2.tsx
  Line 34:11:  'user' is assigned a value but never used                                                                                        @typescript-eslint/no-unused-vars
  Line 233:6:  React Hook React.useEffect has a missing dependency: 'getNormalizationStatus'. Either include it or remove the dependency array  react-hooks/exhaustive-deps

src\pages\Phase3.tsx
  Line 2:64:    'Play' is defined but never used                                                                                          @typescript-eslint/no-unused-vars
  Line 339:15:  'result' is assigned a value but never used                                                                               @typescript-eslint/no-unused-vars
  Line 457:15:  'result' is assigned a value but never used                                                                               @typescript-eslint/no-unused-vars
  Line 475:6:   React Hook useEffect has a missing dependency: 'fetchStatistics'. Either include it or remove the dependency array        react-hooks/exhaustive-deps
  Line 481:6:   React Hook useEffect has a missing dependency: 'fetchAvailableBatches'. Either include it or remove the dependency array  react-hooks/exhaustive-deps

Search for the keywords to learn more about each warning.
To ignore, add // eslint-disable-next-line to the line before.

File sizes after gzip:

  105.92 kB  build\static\js\main.5610d4bd.js
  6.63 kB    build\static\css\main.1588cde1.css

The project was built assuming it is hosted at /.
You can control this with the homepage field in your package.json.

The build folder is ready to be deployed.
You may serve it with a static server:

  npm install -g serve
  serve -s build

Find out more about deployment here:

  https://cra.link/deployment

